initial_load_model_only=True has no effect without an initial_load_path.
{
  "claim_label": "smoke",
  "purpose": "perf_tooling_base",
  "arm": "A5",
  "mixer": "falcon",
  "variant": "falcon1a",
  "alignment": "delayed",
  "phi": "l2",
  "steps": 20000,
  "seed": 0,
  "seq_len": 512,
  "local_batch_size": 32,
  "tokens_per_step": 16384,
  "dtype": "float32",
  "started_utc": "2026-09-06T19:33:57.235372+00:00",
  "pid": 2,
  "cuda_visible_devices": "0"
}
[W906 19:33:57.026393490 socket.cpp:207] [c10d] The hostname of the client socket cannot be retrieved. err=-3
Error running lspci: [Errno 2] No such file or directory: 'lspci', fallback to use device_name
Error running lspci: [Errno 2] No such file or directory: 'lspci', fallback to use device_name
initial_load_model_only=True has no effect without an initial_load_path.
torch.distributed.set_timeout is unavailable; keeping existing ProcessGroup timeouts.
{
  "claim_label": "smoke",
  "purpose": "perf_tooling_base",
  "arm": "A5",
  "mixer": "falcon",
  "variant": "falcon1a",
  "alignment": "delayed",
  "phi": "l2",
  "steps": 20000,
  "seed": 0,
  "seq_len": 512,
  "local_batch_size": 32,
  "tokens_per_step": 16384,
  "dtype": "float32",
  "started_utc": "2026-09-06T19:33:57.235372+00:00",
  "pid": 2,
  "cuda_visible_devices": "0",
  "completed_steps": 20000,
  "elapsed_sec": 1140.13,
  "finished_utc": "2026-09-06T19:52:57.369564+00:00"
}
[rank0]:[W906 19:52:57.904912586 ProcessGroupNCCL.cpp:1624] Warning: WARNING: destroy_process_group() was not called before program exit, which can leak resources. For more info, please see https://pytorch.org/docs/stable/distributed.html#shutdown (function operator())
